// Jest Snapshot v1, https://goo.gl/fbAQLP

exports[`components ArticleBody component should render as expected 1`] = `
ShallowWrapper {
  Symbol(enzyme.__root__): [Circular],
  Symbol(enzyme.__unrendered__): <ArticleBody
    article={
      Object {
        "authorId": 1,
        "body": "somerandombody",
        "image": "thhisimage",
      }
    }
    userId={1}
  />,
  Symbol(enzyme.__renderer__): Object {
    "batchedUpdates": [Function],
    "getNode": [Function],
    "render": [Function],
    "simulateError": [Function],
    "simulateEvent": [Function],
    "unmount": [Function],
  },
  Symbol(enzyme.__node__): Object {
    "instance": null,
    "key": undefined,
    "nodeType": "host",
    "props": Object {
      "children": Array [
        <SideButtons
          article={
            Object {
              "authorId": 1,
              "body": "somerandombody",
              "image": "thhisimage",
            }
          }
          userId={1}
        />,
        <div
          className="article-content"
        >
          somerandombody
        </div>,
      ],
      "className": "article-container",
    },
    "ref": null,
    "rendered": Array [
      Object {
        "instance": null,
        "key": undefined,
        "nodeType": "class",
        "props": Object {
          "article": Object {
            "authorId": 1,
            "body": "somerandombody",
            "image": "thhisimage",
          },
          "userId": 1,
        },
        "ref": null,
        "rendered": null,
        "type": [Function],
      },
      Object {
        "instance": null,
        "key": undefined,
        "nodeType": "host",
        "props": Object {
          "children": Array [
            "somerandombody",
          ],
          "className": "article-content",
        },
        "ref": null,
        "rendered": Array [
          "somerandombody",
        ],
        "type": "div",
      },
    ],
    "type": "div",
  },
  Symbol(enzyme.__nodes__): Array [
    Object {
      "instance": null,
      "key": undefined,
      "nodeType": "host",
      "props": Object {
        "children": Array [
          <SideButtons
            article={
              Object {
                "authorId": 1,
                "body": "somerandombody",
                "image": "thhisimage",
              }
            }
            userId={1}
          />,
          <div
            className="article-content"
          >
            somerandombody
          </div>,
        ],
        "className": "article-container",
      },
      "ref": null,
      "rendered": Array [
        Object {
          "instance": null,
          "key": undefined,
          "nodeType": "class",
          "props": Object {
            "article": Object {
              "authorId": 1,
              "body": "somerandombody",
              "image": "thhisimage",
            },
            "userId": 1,
          },
          "ref": null,
          "rendered": null,
          "type": [Function],
        },
        Object {
          "instance": null,
          "key": undefined,
          "nodeType": "host",
          "props": Object {
            "children": Array [
              "somerandombody",
            ],
            "className": "article-content",
          },
          "ref": null,
          "rendered": Array [
            "somerandombody",
          ],
          "type": "div",
        },
      ],
      "type": "div",
    },
  ],
  Symbol(enzyme.__options__): Object {
    "adapter": ReactSixteenAdapter {
      "options": Object {
        "enableComponentDidUpdateOnSetState": true,
        "lifecycles": Object {
          "componentDidUpdate": Object {
            "onSetState": true,
          },
          "getDerivedStateFromProps": true,
          "getSnapshotBeforeUpdate": true,
          "setState": Object {
            "skipsComponentDidUpdateOnNullish": true,
          },
        },
      },
    },
  },
}
`;
