// Jest Snapshot v1, https://goo.gl/fbAQLP

exports[`components ArticleHeader component should render as expected 1`] = `
ShallowWrapper {
  Symbol(enzyme.__root__): [Circular],
  Symbol(enzyme.__unrendered__): <ArticleHeader
    article={
      Object {
        "read_time": "1 minutes",
        "title": "thhisimage",
        "user": Object {
          "firstname": "",
          "lastname": "",
          "profile": Object {
            "image": "",
          },
        },
      }
    }
  />,
  Symbol(enzyme.__renderer__): Object {
    "batchedUpdates": [Function],
    "getNode": [Function],
    "render": [Function],
    "simulateError": [Function],
    "simulateEvent": [Function],
    "unmount": [Function],
  },
  Symbol(enzyme.__node__): Object {
    "instance": null,
    "key": undefined,
    "nodeType": "host",
    "props": Object {
      "children": Array [
        <div
          className="author-icon"
        >
          <img
            alt=""
            className="author-image"
            src="https://res.cloudinary.com/drmmqcxkc/image/upload/v1541506955/user-placeholder.png"
          />
          <div
            className="article-title"
          >
            thhisimage
          </div>
        </div>,
        <div
          className="author-name"
        >
          <div
            className="read-time"
          >
            <div
              className="number"
            >
              1
            </div>
            <div
              className="minutes"
            >
              minutes
            </div>
          </div>
          <div
            className="name"
          >
             
          </div>
        </div>,
      ],
      "className": "article-header",
    },
    "ref": null,
    "rendered": Array [
      Object {
        "instance": null,
        "key": undefined,
        "nodeType": "host",
        "props": Object {
          "children": Array [
            <img
              alt=""
              className="author-image"
              src="https://res.cloudinary.com/drmmqcxkc/image/upload/v1541506955/user-placeholder.png"
            />,
            <div
              className="article-title"
            >
              thhisimage
            </div>,
          ],
          "className": "author-icon",
        },
        "ref": null,
        "rendered": Array [
          Object {
            "instance": null,
            "key": undefined,
            "nodeType": "host",
            "props": Object {
              "alt": "",
              "className": "author-image",
              "src": "https://res.cloudinary.com/drmmqcxkc/image/upload/v1541506955/user-placeholder.png",
            },
            "ref": null,
            "rendered": null,
            "type": "img",
          },
          Object {
            "instance": null,
            "key": undefined,
            "nodeType": "host",
            "props": Object {
              "children": Array [
                "thhisimage",
              ],
              "className": "article-title",
            },
            "ref": null,
            "rendered": Array [
              "thhisimage",
            ],
            "type": "div",
          },
        ],
        "type": "div",
      },
      Object {
        "instance": null,
        "key": undefined,
        "nodeType": "host",
        "props": Object {
          "children": Array [
            <div
              className="read-time"
            >
              <div
                className="number"
              >
                1
              </div>
              <div
                className="minutes"
              >
                minutes
              </div>
            </div>,
            <div
              className="name"
            >
               
            </div>,
            undefined,
          ],
          "className": "author-name",
        },
        "ref": null,
        "rendered": Array [
          Object {
            "instance": null,
            "key": undefined,
            "nodeType": "host",
            "props": Object {
              "children": Array [
                <div
                  className="number"
                >
                  1
                </div>,
                <div
                  className="minutes"
                >
                  minutes
                </div>,
              ],
              "className": "read-time",
            },
            "ref": null,
            "rendered": Array [
              Object {
                "instance": null,
                "key": undefined,
                "nodeType": "host",
                "props": Object {
                  "children": "1",
                  "className": "number",
                },
                "ref": null,
                "rendered": "1",
                "type": "div",
              },
              Object {
                "instance": null,
                "key": undefined,
                "nodeType": "host",
                "props": Object {
                  "children": "minutes",
                  "className": "minutes",
                },
                "ref": null,
                "rendered": "minutes",
                "type": "div",
              },
            ],
            "type": "div",
          },
          Object {
            "instance": null,
            "key": undefined,
            "nodeType": "host",
            "props": Object {
              "children": " ",
              "className": "name",
            },
            "ref": null,
            "rendered": " ",
            "type": "div",
          },
          undefined,
        ],
        "type": "div",
      },
    ],
    "type": "div",
  },
  Symbol(enzyme.__nodes__): Array [
    Object {
      "instance": null,
      "key": undefined,
      "nodeType": "host",
      "props": Object {
        "children": Array [
          <div
            className="author-icon"
          >
            <img
              alt=""
              className="author-image"
              src="https://res.cloudinary.com/drmmqcxkc/image/upload/v1541506955/user-placeholder.png"
            />
            <div
              className="article-title"
            >
              thhisimage
            </div>
          </div>,
          <div
            className="author-name"
          >
            <div
              className="read-time"
            >
              <div
                className="number"
              >
                1
              </div>
              <div
                className="minutes"
              >
                minutes
              </div>
            </div>
            <div
              className="name"
            >
               
            </div>
          </div>,
        ],
        "className": "article-header",
      },
      "ref": null,
      "rendered": Array [
        Object {
          "instance": null,
          "key": undefined,
          "nodeType": "host",
          "props": Object {
            "children": Array [
              <img
                alt=""
                className="author-image"
                src="https://res.cloudinary.com/drmmqcxkc/image/upload/v1541506955/user-placeholder.png"
              />,
              <div
                className="article-title"
              >
                thhisimage
              </div>,
            ],
            "className": "author-icon",
          },
          "ref": null,
          "rendered": Array [
            Object {
              "instance": null,
              "key": undefined,
              "nodeType": "host",
              "props": Object {
                "alt": "",
                "className": "author-image",
                "src": "https://res.cloudinary.com/drmmqcxkc/image/upload/v1541506955/user-placeholder.png",
              },
              "ref": null,
              "rendered": null,
              "type": "img",
            },
            Object {
              "instance": null,
              "key": undefined,
              "nodeType": "host",
              "props": Object {
                "children": Array [
                  "thhisimage",
                ],
                "className": "article-title",
              },
              "ref": null,
              "rendered": Array [
                "thhisimage",
              ],
              "type": "div",
            },
          ],
          "type": "div",
        },
        Object {
          "instance": null,
          "key": undefined,
          "nodeType": "host",
          "props": Object {
            "children": Array [
              <div
                className="read-time"
              >
                <div
                  className="number"
                >
                  1
                </div>
                <div
                  className="minutes"
                >
                  minutes
                </div>
              </div>,
              <div
                className="name"
              >
                 
              </div>,
              undefined,
            ],
            "className": "author-name",
          },
          "ref": null,
          "rendered": Array [
            Object {
              "instance": null,
              "key": undefined,
              "nodeType": "host",
              "props": Object {
                "children": Array [
                  <div
                    className="number"
                  >
                    1
                  </div>,
                  <div
                    className="minutes"
                  >
                    minutes
                  </div>,
                ],
                "className": "read-time",
              },
              "ref": null,
              "rendered": Array [
                Object {
                  "instance": null,
                  "key": undefined,
                  "nodeType": "host",
                  "props": Object {
                    "children": "1",
                    "className": "number",
                  },
                  "ref": null,
                  "rendered": "1",
                  "type": "div",
                },
                Object {
                  "instance": null,
                  "key": undefined,
                  "nodeType": "host",
                  "props": Object {
                    "children": "minutes",
                    "className": "minutes",
                  },
                  "ref": null,
                  "rendered": "minutes",
                  "type": "div",
                },
              ],
              "type": "div",
            },
            Object {
              "instance": null,
              "key": undefined,
              "nodeType": "host",
              "props": Object {
                "children": " ",
                "className": "name",
              },
              "ref": null,
              "rendered": " ",
              "type": "div",
            },
            undefined,
          ],
          "type": "div",
        },
      ],
      "type": "div",
    },
  ],
  Symbol(enzyme.__options__): Object {
    "adapter": ReactSixteenAdapter {
      "options": Object {
        "enableComponentDidUpdateOnSetState": true,
        "lifecycles": Object {
          "componentDidUpdate": Object {
            "onSetState": true,
          },
          "getDerivedStateFromProps": true,
          "getSnapshotBeforeUpdate": true,
          "setState": Object {
            "skipsComponentDidUpdateOnNullish": true,
          },
        },
      },
    },
  },
}
`;
