// Jest Snapshot v1, https://goo.gl/fbAQLP

exports[`Tags UI render features component should render as expected 1`] = `
<_default>
  <Provider
    store={
      Object {
        "dispatch": [Function],
        "getState": [Function],
        "replaceReducer": [Function],
        "subscribe": [Function],
        Symbol(observable): [Function],
      }
    }
  >
    <MemoryRouter
      initialEntries={
        Array [
          Object {
            "key": "testkey",
          },
        ]
      }
    >
      <Router
        history={
          Object {
            "action": "POP",
            "block": [Function],
            "canGo": [Function],
            "createHref": [Function],
            "entries": Array [
              Object {
                "hash": "",
                "key": "testkey",
                "pathname": "/",
                "search": "",
              },
            ],
            "go": [Function],
            "goBack": [Function],
            "goForward": [Function],
            "index": 0,
            "length": 1,
            "listen": [Function],
            "location": Object {
              "hash": "",
              "key": "testkey",
              "pathname": "/",
              "search": "",
            },
            "push": [Function],
            "replace": [Function],
          }
        }
      >
        <Connect(Tags)>
          <Tags
            addTags={[Function]}
            publishArticle={[Function]}
            publishedArticleError={
              Object {
                "publishedArticle": Object {},
                "status": Object {
                  "error": false,
                  "success": false,
                },
              }
            }
            tags={Array []}
            tagsError={Array []}
          >
            <div
              className="tags"
            >
              <div
                className="tags-main"
              >
                <h2>
                  Add tags to your article
                </h2>
                <div
                  className="tags-main-details"
                >
                  <p>
                    Help your target audience find this article by adding up to 5 tags
                  </p>
                  <form
                    onSubmit={[Function]}
                  >
                    <input
                      placeholder="Add a tag..."
                      type="text"
                    />
                  </form>
                  <div
                    className="tags-wrapper"
                  />
                  <div
                    className="publish-article-button"
                    onClick={[Function]}
                  >
                    <Button
                      className="btn hero-section-greenbutton"
                      title="Publish"
                      type="submit"
                    >
                      <button
                        className="btn hero-section-greenbutton"
                        type="submit"
                      >
                        Publish
                      </button>
                    </Button>
                  </div>
                </div>
              </div>
            </div>
          </Tags>
        </Connect(Tags)>
      </Router>
    </MemoryRouter>
  </Provider>
</_default>
`;
