// Jest Snapshot v1, https://goo.gl/fbAQLP

exports[`ResetPassword UI render features container should render as expected 1`] = `
<_default>
  <Provider
    store={
      Object {
        "dispatch": [Function],
        "getState": [Function],
        "replaceReducer": [Function],
        "subscribe": [Function],
        Symbol(observable): [Function],
      }
    }
  >
    <MemoryRouter
      initialEntries={
        Array [
          Object {
            "key": "testKey",
          },
        ]
      }
    >
      <Router
        history={
          Object {
            "action": "POP",
            "block": [Function],
            "canGo": [Function],
            "createHref": [Function],
            "entries": Array [
              Object {
                "hash": "",
                "key": "testKey",
                "pathname": "/",
                "search": "",
              },
            ],
            "go": [Function],
            "goBack": [Function],
            "goForward": [Function],
            "index": 0,
            "length": 1,
            "listen": [Function],
            "location": Object {
              "hash": "",
              "key": "testKey",
              "pathname": "/",
              "search": "",
            },
            "push": [Function],
            "replace": [Function],
          }
        }
      >
        <Auth>
          <div
            className="auth-flex"
          >
            <AuthImage>
              <div
                className="author-writing"
              >
                <p
                  className="auth-header"
                >
                  Authors Haven
                </p>
                <img
                  alt=""
                  src="https://res.cloudinary.com/drmmqcxkc/image/upload/v1541518106/author.jpg"
                />
                <p
                  className="auth-title"
                >
                  A community of like minded authors
                </p>
              </div>
            </AuthImage>
            <div
              className="auth-form"
            />
          </div>
        </Auth>
      </Router>
    </MemoryRouter>
  </Provider>
</_default>
`;
