// Jest Snapshot v1, https://goo.gl/fbAQLP

exports[`components ProfileToolbar component should render 1`] = `
ShallowWrapper {
  Symbol(enzyme.__root__): [Circular],
  Symbol(enzyme.__unrendered__): <AuthFormToggle>
    Object {
      "props": Object {
        "formtype": "signup",
      },
    }
  </AuthFormToggle>,
  Symbol(enzyme.__renderer__): Object {
    "batchedUpdates": [Function],
    "getNode": [Function],
    "render": [Function],
    "simulateError": [Function],
    "simulateEvent": [Function],
    "unmount": [Function],
  },
  Symbol(enzyme.__node__): Object {
    "instance": null,
    "key": undefined,
    "nodeType": "host",
    "props": Object {
      "children": Array [
        <Link
          className="both-links"
          replace={false}
          to="/auth/signup"
        >
          <button
            className="buttons sign-up active"
            type="button"
          >
            SIGN UP
          </button>
        </Link>,
        <Link
          className="both-links"
          replace={false}
          to="/auth/signin"
        >
          <button
            className="buttons sign-in null"
            type="button"
          >
            SIGN IN
          </button>
        </Link>,
      ],
      "className": "auth-buttons",
    },
    "ref": null,
    "rendered": Array [
      Object {
        "instance": null,
        "key": undefined,
        "nodeType": "class",
        "props": Object {
          "children": <button
            className="buttons sign-up active"
            type="button"
          >
            SIGN UP
          </button>,
          "className": "both-links",
          "replace": false,
          "to": "/auth/signup",
        },
        "ref": null,
        "rendered": Object {
          "instance": null,
          "key": undefined,
          "nodeType": "host",
          "props": Object {
            "children": "SIGN UP",
            "className": "buttons sign-up active",
            "type": "button",
          },
          "ref": null,
          "rendered": "SIGN UP",
          "type": "button",
        },
        "type": [Function],
      },
      Object {
        "instance": null,
        "key": undefined,
        "nodeType": "class",
        "props": Object {
          "children": <button
            className="buttons sign-in null"
            type="button"
          >
            SIGN IN
          </button>,
          "className": "both-links",
          "replace": false,
          "to": "/auth/signin",
        },
        "ref": null,
        "rendered": Object {
          "instance": null,
          "key": undefined,
          "nodeType": "host",
          "props": Object {
            "children": "SIGN IN",
            "className": "buttons sign-in null",
            "type": "button",
          },
          "ref": null,
          "rendered": "SIGN IN",
          "type": "button",
        },
        "type": [Function],
      },
    ],
    "type": "div",
  },
  Symbol(enzyme.__nodes__): Array [
    Object {
      "instance": null,
      "key": undefined,
      "nodeType": "host",
      "props": Object {
        "children": Array [
          <Link
            className="both-links"
            replace={false}
            to="/auth/signup"
          >
            <button
              className="buttons sign-up active"
              type="button"
            >
              SIGN UP
            </button>
          </Link>,
          <Link
            className="both-links"
            replace={false}
            to="/auth/signin"
          >
            <button
              className="buttons sign-in null"
              type="button"
            >
              SIGN IN
            </button>
          </Link>,
        ],
        "className": "auth-buttons",
      },
      "ref": null,
      "rendered": Array [
        Object {
          "instance": null,
          "key": undefined,
          "nodeType": "class",
          "props": Object {
            "children": <button
              className="buttons sign-up active"
              type="button"
            >
              SIGN UP
            </button>,
            "className": "both-links",
            "replace": false,
            "to": "/auth/signup",
          },
          "ref": null,
          "rendered": Object {
            "instance": null,
            "key": undefined,
            "nodeType": "host",
            "props": Object {
              "children": "SIGN UP",
              "className": "buttons sign-up active",
              "type": "button",
            },
            "ref": null,
            "rendered": "SIGN UP",
            "type": "button",
          },
          "type": [Function],
        },
        Object {
          "instance": null,
          "key": undefined,
          "nodeType": "class",
          "props": Object {
            "children": <button
              className="buttons sign-in null"
              type="button"
            >
              SIGN IN
            </button>,
            "className": "both-links",
            "replace": false,
            "to": "/auth/signin",
          },
          "ref": null,
          "rendered": Object {
            "instance": null,
            "key": undefined,
            "nodeType": "host",
            "props": Object {
              "children": "SIGN IN",
              "className": "buttons sign-in null",
              "type": "button",
            },
            "ref": null,
            "rendered": "SIGN IN",
            "type": "button",
          },
          "type": [Function],
        },
      ],
      "type": "div",
    },
  ],
  Symbol(enzyme.__options__): Object {
    "adapter": ReactSixteenAdapter {
      "options": Object {
        "enableComponentDidUpdateOnSetState": true,
        "lifecycles": Object {
          "componentDidUpdate": Object {
            "onSetState": true,
          },
          "getDerivedStateFromProps": true,
          "getSnapshotBeforeUpdate": true,
          "setState": Object {
            "skipsComponentDidUpdateOnNullish": true,
          },
        },
      },
    },
  },
}
`;
