// Jest Snapshot v1, https://goo.gl/fbAQLP

exports[`ForgotPasswordPageUI render features view should render as expected 1`] = `
<div>
  This is all articles page
</div>
`;
