// Jest Snapshot v1, https://goo.gl/fbAQLP

exports[`ProfilePage UI render features view should render as expected 1`] = `
<div>
  <Connect(EditProfile) />
</div>
`;
