// Jest Snapshot v1, https://goo.gl/fbAQLP

exports[`ResetPasswordPageUI render features view should render as expected 1`] = `
<div>
  <Auth>
    <Connect(withRouter(ResetPassword)) />
  </Auth>
</div>
`;
