// Jest Snapshot v1, https://goo.gl/fbAQLP

exports[`SearchPage UI render features view should render as expected 1`] = `
<div>
  <Connect(Header) />
  <Connect(SearchArticlesContainer) />
</div>
`;
