// Jest Snapshot v1, https://goo.gl/fbAQLP

exports[`SignupPage UI render features view should render as expected 1`] = `
<div>
  <Auth>
    <Connect(SignupForm) />
  </Auth>
</div>
`;
