// Jest Snapshot v1, https://goo.gl/fbAQLP

exports[`SigninPage UI render features view should render as expected 1`] = `
<div>
  <Auth>
    <SigninForm />
  </Auth>
</div>
`;
