// Jest Snapshot v1, https://goo.gl/fbAQLP

exports[`Single Articles UI render features view should render as expected 1`] = `<Connect(Article) />`;
