// Jest Snapshot v1, https://goo.gl/fbAQLP

exports[`SingleArticlePage UI render features view should render as expected 1`] = `
<div>
  <Connect(Header) />
  <Connect(Article) />
</div>
`;
