// Jest Snapshot v1, https://goo.gl/fbAQLP

exports[`Loading render container should render as expected 1`] = `
<_default>
  <Provider
    store={
      Object {
        "dispatch": [Function],
        "getState": [Function],
        "replaceReducer": [Function],
        "subscribe": [Function],
        Symbol(observable): [Function],
      }
    }
  >
    <MemoryRouter
      initialEntries={
        Array [
          Object {
            "key": "testKey",
            "pathname": "/",
          },
        ]
      }
    >
      <Router
        history={
          Object {
            "action": "POP",
            "block": [Function],
            "canGo": [Function],
            "createHref": [Function],
            "entries": Array [
              Object {
                "hash": "",
                "key": "testKey",
                "pathname": "/",
                "search": "",
              },
            ],
            "go": [Function],
            "goBack": [Function],
            "goForward": [Function],
            "index": 0,
            "length": 1,
            "listen": [Function],
            "location": Object {
              "hash": "",
              "key": "testKey",
              "pathname": "/",
              "search": "",
            },
            "push": [Function],
            "replace": [Function],
          }
        }
      >
        <Footer>
          <footer>
            <div
              className="footer-wrapper"
            >
              <Link
                className="col-lg-3"
                replace={false}
                to="/"
              >
                <a
                  className="col-lg-3"
                  href="/"
                  onClick={[Function]}
                >
                  <p>
                    About
                  </p>
                </a>
              </Link>
              <Link
                className="col-lg-3"
                replace={false}
                to="/"
              >
                <a
                  className="col-lg-3"
                  href="/"
                  onClick={[Function]}
                >
                  <p>
                    Contact
                  </p>
                </a>
              </Link>
              <Link
                className="col-lg-3"
                replace={false}
                to="/"
              >
                <a
                  className="col-lg-3"
                  href="/"
                  onClick={[Function]}
                >
                  <p>
                    Terms
                  </p>
                </a>
              </Link>
              <Link
                className="col-lg-3"
                replace={false}
                to="/"
              >
                <a
                  className="col-lg-3"
                  href="/"
                  onClick={[Function]}
                >
                  <p>
                    Privacy
                  </p>
                </a>
              </Link>
            </div>
          </footer>
        </Footer>
      </Router>
    </MemoryRouter>
  </Provider>
</_default>
`;
