// Jest Snapshot v1, https://goo.gl/fbAQLP

exports[`Loading render container should render as expected 1`] = `
<_default>
  <Provider
    store={
      Object {
        "dispatch": [Function],
        "getState": [Function],
        "replaceReducer": [Function],
        "subscribe": [Function],
        Symbol(observable): [Function],
      }
    }
  >
    <Loading>
      <div
        className="loading-icon"
      >
        <img
          alt=""
          src="https://res.cloudinary.com/drmmqcxkc/image/upload/v1541426069/Authors%20Haven/Spinner-1s.gif"
        />
      </div>
    </Loading>
  </Provider>
</_default>
`;
