// Jest Snapshot v1, https://goo.gl/fbAQLP

exports[`Submit btn render container should render as expected 1`] = `
<_default>
  <Provider
    store={
      Object {
        "dispatch": [Function],
        "getState": [Function],
        "replaceReducer": [Function],
        "subscribe": [Function],
        Symbol(observable): [Function],
      }
    }
  >
    <Submitbtn>
      <div>
        <input
          className="btn btn-block mt-4 resetbtn"
          type="submit"
        />
      </div>
    </Submitbtn>
  </Provider>
</_default>
`;
