// Jest Snapshot v1, https://goo.gl/fbAQLP

exports[`components Loading component should render as expected 1`] = `
ShallowWrapper {
  Symbol(enzyme.__root__): [Circular],
  Symbol(enzyme.__unrendered__): <_default
    handleChange={[MockFunction]}
    placeholder="username"
    value="Ade"
  />,
  Symbol(enzyme.__renderer__): Object {
    "batchedUpdates": [Function],
    "getNode": [Function],
    "render": [Function],
    "simulateError": [Function],
    "simulateEvent": [Function],
    "unmount": [Function],
  },
  Symbol(enzyme.__node__): Object {
    "instance": null,
    "key": undefined,
    "nodeType": "host",
    "props": Object {
      "className": "text-box",
      "name": undefined,
      "onChange": [MockFunction],
      "placeholder": "username",
      "type": "text",
      "value": "Ade",
    },
    "ref": null,
    "rendered": null,
    "type": "textarea",
  },
  Symbol(enzyme.__nodes__): Array [
    Object {
      "instance": null,
      "key": undefined,
      "nodeType": "host",
      "props": Object {
        "className": "text-box",
        "name": undefined,
        "onChange": [MockFunction],
        "placeholder": "username",
        "type": "text",
        "value": "Ade",
      },
      "ref": null,
      "rendered": null,
      "type": "textarea",
    },
  ],
  Symbol(enzyme.__options__): Object {
    "adapter": ReactSixteenAdapter {
      "options": Object {
        "enableComponentDidUpdateOnSetState": true,
        "lifecycles": Object {
          "componentDidUpdate": Object {
            "onSetState": true,
          },
          "getDerivedStateFromProps": true,
          "getSnapshotBeforeUpdate": true,
          "setState": Object {
            "skipsComponentDidUpdateOnNullish": true,
          },
        },
      },
    },
  },
}
`;
