// Jest Snapshot v1, https://goo.gl/fbAQLP

exports[`create artcicle component test suite renders properly when mounted 1`] = `
ShallowWrapper {
  Symbol(enzyme.__root__): [Circular],
  Symbol(enzyme.__unrendered__): <CreateArticles
    imageUploadStatus={
      Object {
        "error": false,
        "success": false,
      }
    }
    publishArticle={[MockFunction]}
    publishedArticle={Object {}}
    status={
      Object {
        "error": false,
        "success": false,
      }
    }
  />,
  Symbol(enzyme.__renderer__): Object {
    "batchedUpdates": [Function],
    "getNode": [Function],
    "render": [Function],
    "simulateError": [Function],
    "simulateEvent": [Function],
    "unmount": [Function],
  },
  Symbol(enzyme.__node__): Object {
    "instance": null,
    "key": undefined,
    "nodeType": "host",
    "props": Object {
      "children": Array [
        <div
          className="articles-card"
        >
          <div
            className="article-buttons"
          >
            <button
              className="btn article-whitebutton"
              onClick={[Function]}
              type="submit"
            >
              Publish
            </button>
            <button
              className="btn article-whitebutton"
              onClick={[Function]}
              type="submit"
            >
              Save for later
            </button>
          </div>
          <Connect(ImageUploader)
            imageUploaded={[Function]}
          />
          <form>
            <ReactMediumEditor
              data-placeholder="Title"
              id="title"
              name="title"
              onChange={[Function]}
              options={
                Object {
                  "toolbar": Object {
                    "buttons": Array [
                      "bold",
                      "italic",
                      "underline",
                      "strikethrough",
                      "quote",
                      "anchor",
                      "h2",
                      "h3",
                      "orderedlist",
                    ],
                  },
                }
              }
              tag="div"
              text=""
            />
            <ReactMediumEditor
              className="editable"
              data-placeholder="What would you like to talk about?"
              name="body"
              onChange={[Function]}
              options={
                Object {
                  "toolbar": Object {
                    "buttons": Array [
                      "bold",
                      "italic",
                      "underline",
                      "strikethrough",
                      "quote",
                      "anchor",
                      "h2",
                      "h3",
                      "orderedlist",
                    ],
                  },
                }
              }
              tag="div"
              text=""
            />
          </form>
        </div>,
        <div
          className="article-fixed-buttons"
        >
          <button
            className="btn article-fixed-whitebutton"
            onClick={[Function]}
            type="submit"
          >
            Save for later
          </button>
          <button
            className="btn article-fixed-whitebutton"
            onClick={[Function]}
            type="submit"
          >
            Publish
          </button>
        </div>,
      ],
      "className": "article-body",
    },
    "ref": null,
    "rendered": Array [
      Object {
        "instance": null,
        "key": undefined,
        "nodeType": "host",
        "props": Object {
          "children": Array [
            <div
              className="article-buttons"
            >
              <button
                className="btn article-whitebutton"
                onClick={[Function]}
                type="submit"
              >
                Publish
              </button>
              <button
                className="btn article-whitebutton"
                onClick={[Function]}
                type="submit"
              >
                Save for later
              </button>
            </div>,
            <Connect(ImageUploader)
              imageUploaded={[Function]}
            />,
            <form>
              <ReactMediumEditor
                data-placeholder="Title"
                id="title"
                name="title"
                onChange={[Function]}
                options={
                  Object {
                    "toolbar": Object {
                      "buttons": Array [
                        "bold",
                        "italic",
                        "underline",
                        "strikethrough",
                        "quote",
                        "anchor",
                        "h2",
                        "h3",
                        "orderedlist",
                      ],
                    },
                  }
                }
                tag="div"
                text=""
              />
              <ReactMediumEditor
                className="editable"
                data-placeholder="What would you like to talk about?"
                name="body"
                onChange={[Function]}
                options={
                  Object {
                    "toolbar": Object {
                      "buttons": Array [
                        "bold",
                        "italic",
                        "underline",
                        "strikethrough",
                        "quote",
                        "anchor",
                        "h2",
                        "h3",
                        "orderedlist",
                      ],
                    },
                  }
                }
                tag="div"
                text=""
              />
            </form>,
          ],
          "className": "articles-card",
        },
        "ref": null,
        "rendered": Array [
          Object {
            "instance": null,
            "key": undefined,
            "nodeType": "host",
            "props": Object {
              "children": Array [
                <button
                  className="btn article-whitebutton"
                  onClick={[Function]}
                  type="submit"
                >
                  Publish
                </button>,
                <button
                  className="btn article-whitebutton"
                  onClick={[Function]}
                  type="submit"
                >
                  Save for later
                </button>,
              ],
              "className": "article-buttons",
            },
            "ref": null,
            "rendered": Array [
              Object {
                "instance": null,
                "key": undefined,
                "nodeType": "host",
                "props": Object {
                  "children": "Publish",
                  "className": "btn article-whitebutton",
                  "onClick": [Function],
                  "type": "submit",
                },
                "ref": null,
                "rendered": "Publish",
                "type": "button",
              },
              Object {
                "instance": null,
                "key": undefined,
                "nodeType": "host",
                "props": Object {
                  "children": "Save for later",
                  "className": "btn article-whitebutton",
                  "onClick": [Function],
                  "type": "submit",
                },
                "ref": null,
                "rendered": "Save for later",
                "type": "button",
              },
            ],
            "type": "div",
          },
          Object {
            "instance": null,
            "key": undefined,
            "nodeType": "class",
            "props": Object {
              "imageUploaded": [Function],
            },
            "ref": null,
            "rendered": null,
            "type": [Function],
          },
          Object {
            "instance": null,
            "key": undefined,
            "nodeType": "host",
            "props": Object {
              "children": Array [
                <ReactMediumEditor
                  data-placeholder="Title"
                  id="title"
                  name="title"
                  onChange={[Function]}
                  options={
                    Object {
                      "toolbar": Object {
                        "buttons": Array [
                          "bold",
                          "italic",
                          "underline",
                          "strikethrough",
                          "quote",
                          "anchor",
                          "h2",
                          "h3",
                          "orderedlist",
                        ],
                      },
                    }
                  }
                  tag="div"
                  text=""
                />,
                <ReactMediumEditor
                  className="editable"
                  data-placeholder="What would you like to talk about?"
                  name="body"
                  onChange={[Function]}
                  options={
                    Object {
                      "toolbar": Object {
                        "buttons": Array [
                          "bold",
                          "italic",
                          "underline",
                          "strikethrough",
                          "quote",
                          "anchor",
                          "h2",
                          "h3",
                          "orderedlist",
                        ],
                      },
                    }
                  }
                  tag="div"
                  text=""
                />,
              ],
            },
            "ref": null,
            "rendered": Array [
              Object {
                "instance": null,
                "key": undefined,
                "nodeType": "class",
                "props": Object {
                  "data-placeholder": "Title",
                  "id": "title",
                  "name": "title",
                  "onChange": [Function],
                  "options": Object {
                    "toolbar": Object {
                      "buttons": Array [
                        "bold",
                        "italic",
                        "underline",
                        "strikethrough",
                        "quote",
                        "anchor",
                        "h2",
                        "h3",
                        "orderedlist",
                      ],
                    },
                  },
                  "tag": "div",
                  "text": "",
                },
                "ref": null,
                "rendered": null,
                "type": [Function],
              },
              Object {
                "instance": null,
                "key": undefined,
                "nodeType": "class",
                "props": Object {
                  "className": "editable",
                  "data-placeholder": "What would you like to talk about?",
                  "name": "body",
                  "onChange": [Function],
                  "options": Object {
                    "toolbar": Object {
                      "buttons": Array [
                        "bold",
                        "italic",
                        "underline",
                        "strikethrough",
                        "quote",
                        "anchor",
                        "h2",
                        "h3",
                        "orderedlist",
                      ],
                    },
                  },
                  "tag": "div",
                  "text": "",
                },
                "ref": null,
                "rendered": null,
                "type": [Function],
              },
            ],
            "type": "form",
          },
        ],
        "type": "div",
      },
      Object {
        "instance": null,
        "key": undefined,
        "nodeType": "host",
        "props": Object {
          "children": Array [
            <button
              className="btn article-fixed-whitebutton"
              onClick={[Function]}
              type="submit"
            >
              Save for later
            </button>,
            <button
              className="btn article-fixed-whitebutton"
              onClick={[Function]}
              type="submit"
            >
              Publish
            </button>,
          ],
          "className": "article-fixed-buttons",
        },
        "ref": null,
        "rendered": Array [
          Object {
            "instance": null,
            "key": undefined,
            "nodeType": "host",
            "props": Object {
              "children": "Save for later",
              "className": "btn article-fixed-whitebutton",
              "onClick": [Function],
              "type": "submit",
            },
            "ref": null,
            "rendered": "Save for later",
            "type": "button",
          },
          Object {
            "instance": null,
            "key": undefined,
            "nodeType": "host",
            "props": Object {
              "children": "Publish",
              "className": "btn article-fixed-whitebutton",
              "onClick": [Function],
              "type": "submit",
            },
            "ref": null,
            "rendered": "Publish",
            "type": "button",
          },
        ],
        "type": "div",
      },
    ],
    "type": "div",
  },
  Symbol(enzyme.__nodes__): Array [
    Object {
      "instance": null,
      "key": undefined,
      "nodeType": "host",
      "props": Object {
        "children": Array [
          <div
            className="articles-card"
          >
            <div
              className="article-buttons"
            >
              <button
                className="btn article-whitebutton"
                onClick={[Function]}
                type="submit"
              >
                Publish
              </button>
              <button
                className="btn article-whitebutton"
                onClick={[Function]}
                type="submit"
              >
                Save for later
              </button>
            </div>
            <Connect(ImageUploader)
              imageUploaded={[Function]}
            />
            <form>
              <ReactMediumEditor
                data-placeholder="Title"
                id="title"
                name="title"
                onChange={[Function]}
                options={
                  Object {
                    "toolbar": Object {
                      "buttons": Array [
                        "bold",
                        "italic",
                        "underline",
                        "strikethrough",
                        "quote",
                        "anchor",
                        "h2",
                        "h3",
                        "orderedlist",
                      ],
                    },
                  }
                }
                tag="div"
                text=""
              />
              <ReactMediumEditor
                className="editable"
                data-placeholder="What would you like to talk about?"
                name="body"
                onChange={[Function]}
                options={
                  Object {
                    "toolbar": Object {
                      "buttons": Array [
                        "bold",
                        "italic",
                        "underline",
                        "strikethrough",
                        "quote",
                        "anchor",
                        "h2",
                        "h3",
                        "orderedlist",
                      ],
                    },
                  }
                }
                tag="div"
                text=""
              />
            </form>
          </div>,
          <div
            className="article-fixed-buttons"
          >
            <button
              className="btn article-fixed-whitebutton"
              onClick={[Function]}
              type="submit"
            >
              Save for later
            </button>
            <button
              className="btn article-fixed-whitebutton"
              onClick={[Function]}
              type="submit"
            >
              Publish
            </button>
          </div>,
        ],
        "className": "article-body",
      },
      "ref": null,
      "rendered": Array [
        Object {
          "instance": null,
          "key": undefined,
          "nodeType": "host",
          "props": Object {
            "children": Array [
              <div
                className="article-buttons"
              >
                <button
                  className="btn article-whitebutton"
                  onClick={[Function]}
                  type="submit"
                >
                  Publish
                </button>
                <button
                  className="btn article-whitebutton"
                  onClick={[Function]}
                  type="submit"
                >
                  Save for later
                </button>
              </div>,
              <Connect(ImageUploader)
                imageUploaded={[Function]}
              />,
              <form>
                <ReactMediumEditor
                  data-placeholder="Title"
                  id="title"
                  name="title"
                  onChange={[Function]}
                  options={
                    Object {
                      "toolbar": Object {
                        "buttons": Array [
                          "bold",
                          "italic",
                          "underline",
                          "strikethrough",
                          "quote",
                          "anchor",
                          "h2",
                          "h3",
                          "orderedlist",
                        ],
                      },
                    }
                  }
                  tag="div"
                  text=""
                />
                <ReactMediumEditor
                  className="editable"
                  data-placeholder="What would you like to talk about?"
                  name="body"
                  onChange={[Function]}
                  options={
                    Object {
                      "toolbar": Object {
                        "buttons": Array [
                          "bold",
                          "italic",
                          "underline",
                          "strikethrough",
                          "quote",
                          "anchor",
                          "h2",
                          "h3",
                          "orderedlist",
                        ],
                      },
                    }
                  }
                  tag="div"
                  text=""
                />
              </form>,
            ],
            "className": "articles-card",
          },
          "ref": null,
          "rendered": Array [
            Object {
              "instance": null,
              "key": undefined,
              "nodeType": "host",
              "props": Object {
                "children": Array [
                  <button
                    className="btn article-whitebutton"
                    onClick={[Function]}
                    type="submit"
                  >
                    Publish
                  </button>,
                  <button
                    className="btn article-whitebutton"
                    onClick={[Function]}
                    type="submit"
                  >
                    Save for later
                  </button>,
                ],
                "className": "article-buttons",
              },
              "ref": null,
              "rendered": Array [
                Object {
                  "instance": null,
                  "key": undefined,
                  "nodeType": "host",
                  "props": Object {
                    "children": "Publish",
                    "className": "btn article-whitebutton",
                    "onClick": [Function],
                    "type": "submit",
                  },
                  "ref": null,
                  "rendered": "Publish",
                  "type": "button",
                },
                Object {
                  "instance": null,
                  "key": undefined,
                  "nodeType": "host",
                  "props": Object {
                    "children": "Save for later",
                    "className": "btn article-whitebutton",
                    "onClick": [Function],
                    "type": "submit",
                  },
                  "ref": null,
                  "rendered": "Save for later",
                  "type": "button",
                },
              ],
              "type": "div",
            },
            Object {
              "instance": null,
              "key": undefined,
              "nodeType": "class",
              "props": Object {
                "imageUploaded": [Function],
              },
              "ref": null,
              "rendered": null,
              "type": [Function],
            },
            Object {
              "instance": null,
              "key": undefined,
              "nodeType": "host",
              "props": Object {
                "children": Array [
                  <ReactMediumEditor
                    data-placeholder="Title"
                    id="title"
                    name="title"
                    onChange={[Function]}
                    options={
                      Object {
                        "toolbar": Object {
                          "buttons": Array [
                            "bold",
                            "italic",
                            "underline",
                            "strikethrough",
                            "quote",
                            "anchor",
                            "h2",
                            "h3",
                            "orderedlist",
                          ],
                        },
                      }
                    }
                    tag="div"
                    text=""
                  />,
                  <ReactMediumEditor
                    className="editable"
                    data-placeholder="What would you like to talk about?"
                    name="body"
                    onChange={[Function]}
                    options={
                      Object {
                        "toolbar": Object {
                          "buttons": Array [
                            "bold",
                            "italic",
                            "underline",
                            "strikethrough",
                            "quote",
                            "anchor",
                            "h2",
                            "h3",
                            "orderedlist",
                          ],
                        },
                      }
                    }
                    tag="div"
                    text=""
                  />,
                ],
              },
              "ref": null,
              "rendered": Array [
                Object {
                  "instance": null,
                  "key": undefined,
                  "nodeType": "class",
                  "props": Object {
                    "data-placeholder": "Title",
                    "id": "title",
                    "name": "title",
                    "onChange": [Function],
                    "options": Object {
                      "toolbar": Object {
                        "buttons": Array [
                          "bold",
                          "italic",
                          "underline",
                          "strikethrough",
                          "quote",
                          "anchor",
                          "h2",
                          "h3",
                          "orderedlist",
                        ],
                      },
                    },
                    "tag": "div",
                    "text": "",
                  },
                  "ref": null,
                  "rendered": null,
                  "type": [Function],
                },
                Object {
                  "instance": null,
                  "key": undefined,
                  "nodeType": "class",
                  "props": Object {
                    "className": "editable",
                    "data-placeholder": "What would you like to talk about?",
                    "name": "body",
                    "onChange": [Function],
                    "options": Object {
                      "toolbar": Object {
                        "buttons": Array [
                          "bold",
                          "italic",
                          "underline",
                          "strikethrough",
                          "quote",
                          "anchor",
                          "h2",
                          "h3",
                          "orderedlist",
                        ],
                      },
                    },
                    "tag": "div",
                    "text": "",
                  },
                  "ref": null,
                  "rendered": null,
                  "type": [Function],
                },
              ],
              "type": "form",
            },
          ],
          "type": "div",
        },
        Object {
          "instance": null,
          "key": undefined,
          "nodeType": "host",
          "props": Object {
            "children": Array [
              <button
                className="btn article-fixed-whitebutton"
                onClick={[Function]}
                type="submit"
              >
                Save for later
              </button>,
              <button
                className="btn article-fixed-whitebutton"
                onClick={[Function]}
                type="submit"
              >
                Publish
              </button>,
            ],
            "className": "article-fixed-buttons",
          },
          "ref": null,
          "rendered": Array [
            Object {
              "instance": null,
              "key": undefined,
              "nodeType": "host",
              "props": Object {
                "children": "Save for later",
                "className": "btn article-fixed-whitebutton",
                "onClick": [Function],
                "type": "submit",
              },
              "ref": null,
              "rendered": "Save for later",
              "type": "button",
            },
            Object {
              "instance": null,
              "key": undefined,
              "nodeType": "host",
              "props": Object {
                "children": "Publish",
                "className": "btn article-fixed-whitebutton",
                "onClick": [Function],
                "type": "submit",
              },
              "ref": null,
              "rendered": "Publish",
              "type": "button",
            },
          ],
          "type": "div",
        },
      ],
      "type": "div",
    },
  ],
  Symbol(enzyme.__options__): Object {
    "adapter": ReactSixteenAdapter {
      "options": Object {
        "enableComponentDidUpdateOnSetState": true,
        "lifecycles": Object {
          "componentDidUpdate": Object {
            "onSetState": true,
          },
          "getDerivedStateFromProps": true,
          "getSnapshotBeforeUpdate": true,
          "setState": Object {
            "skipsComponentDidUpdateOnNullish": true,
          },
        },
      },
    },
  },
}
`;
