// Jest Snapshot v1, https://goo.gl/fbAQLP

exports[`ForgotPassword render container should render as expected 1`] = `
<_default>
  <Provider
    store={
      Object {
        "dispatch": [Function],
        "getState": [Function],
        "replaceReducer": [Function],
        "subscribe": [Function],
        Symbol(observable): [Function],
      }
    }
  >
    <Connect(ForgotPassword)>
      <ForgotPassword
        forgotPassword={[Function]}
      >
        <form
          onSubmit={[Function]}
        >
          <InputField
            name="email"
            placeholder="Email Address"
            type="email"
          >
            <div
              className="form-group"
            >
              <input
                className="form-control form-control-lg"
                name="email"
                placeholder="Email Address"
                type="email"
              />
            </div>
          </InputField>
          <Submitbtn>
            <div>
              <input
                className="btn btn-block mt-4 resetbtn"
                type="submit"
              />
            </div>
          </Submitbtn>
        </form>
      </ForgotPassword>
    </Connect(ForgotPassword)>
  </Provider>
</_default>
`;
