// Jest Snapshot v1, https://goo.gl/fbAQLP

exports[`Notification UI render features view should render as expected 1`] = `
<_default>
  <Provider
    store={
      Object {
        "dispatch": [Function],
        "getState": [Function],
        "replaceReducer": [Function],
        "subscribe": [Function],
        Symbol(observable): [Function],
      }
    }
  >
    <Connect(Notifications)>
      <Notifications
        getNotification={[Function]}
        seenNotification={[Function]}
      >
        <div>
          <section
            className="notifications"
          >
            <LargeLoader>
              <div
                className="large-spinner-wrapper"
              >
                <img
                  alt=""
                  className="large-spinner"
                  src="https://res.cloudinary.com/drmmqcxkc/image/upload/v1541701878/large-spinner.gif"
                />
              </div>
            </LargeLoader>
          </section>
        </div>
      </Notifications>
    </Connect(Notifications)>
  </Provider>
</_default>
`;
