// Jest Snapshot v1, https://goo.gl/fbAQLP

exports[`ResetPassword UI render features container should render as expected 1`] = `
<_default>
  <Provider
    store={
      Object {
        "dispatch": [Function],
        "getState": [Function],
        "replaceReducer": [Function],
        "subscribe": [Function],
        Symbol(observable): [Function],
      }
    }
  >
    <MemoryRouter
      initialEntries={
        Array [
          Object {
            "key": "testKey",
            "pathname": "/",
          },
        ]
      }
    >
      <Router
        history={
          Object {
            "action": "POP",
            "block": [Function],
            "canGo": [Function],
            "createHref": [Function],
            "entries": Array [
              Object {
                "hash": "",
                "key": "testKey",
                "pathname": "/",
                "search": "",
              },
            ],
            "go": [Function],
            "goBack": [Function],
            "goForward": [Function],
            "index": 0,
            "length": 1,
            "listen": [Function],
            "location": Object {
              "hash": "",
              "key": "testKey",
              "pathname": "/",
              "search": "",
            },
            "push": [Function],
            "replace": [Function],
          }
        }
      >
        <Connect(withRouter(ResetPassword))>
          <withRouter(ResetPassword)
            resetPassword={[Function]}
          >
            <Route>
              <ResetPassword
                history={
                  Object {
                    "action": "POP",
                    "block": [Function],
                    "canGo": [Function],
                    "createHref": [Function],
                    "entries": Array [
                      Object {
                        "hash": "",
                        "key": "testKey",
                        "pathname": "/",
                        "search": "",
                      },
                    ],
                    "go": [Function],
                    "goBack": [Function],
                    "goForward": [Function],
                    "index": 0,
                    "length": 1,
                    "listen": [Function],
                    "location": Object {
                      "hash": "",
                      "key": "testKey",
                      "pathname": "/",
                      "search": "",
                    },
                    "push": [Function],
                    "replace": [Function],
                  }
                }
                location={
                  Object {
                    "hash": "",
                    "key": "testKey",
                    "pathname": "/",
                    "search": "",
                  }
                }
                match={
                  Object {
                    "isExact": true,
                    "params": Object {},
                    "path": "/",
                    "url": "/",
                  }
                }
                resetPassword={[Function]}
              >
                <form
                  onSubmit={[Function]}
                >
                  <AuthInput
                    error={
                      Object {
                        "password": "",
                      }
                    }
                    handleChange={[Function]}
                    name="password"
                    placeholder="New password"
                    type="password"
                  >
                    <div>
                      <label
                        className="sr-only"
                        htmlFor="password"
                      >
                        password
                      </label>
                      <input
                        className="auth-field"
                        id="password"
                        onChange={[Function]}
                        placeholder="New password"
                        type="password"
                      />
                      <div
                        className="error-field"
                      />
                    </div>
                  </AuthInput>
                  <AuthInput
                    error={
                      Object {
                        "confirmPassword": undefined,
                      }
                    }
                    handleChange={[Function]}
                    name="confirmPassword"
                    placeholder="Confirm new password"
                    type="password"
                  >
                    <div>
                      <label
                        className="sr-only"
                        htmlFor="confirmPassword"
                      >
                        confirmPassword
                      </label>
                      <input
                        className="auth-field"
                        id="confirmPassword"
                        onChange={[Function]}
                        placeholder="Confirm new password"
                        type="password"
                      />
                      <div
                        className="error-field"
                      />
                    </div>
                  </AuthInput>
                  <AuthButton
                    name="Submit"
                  >
                    <div>
                      <button
                        className="auth-button"
                        type="submit"
                      >
                        Submit
                      </button>
                    </div>
                  </AuthButton>
                </form>
              </ResetPassword>
            </Route>
          </withRouter(ResetPassword)>
        </Connect(withRouter(ResetPassword))>
      </Router>
    </MemoryRouter>
  </Provider>
</_default>
`;
