// Jest Snapshot v1, https://goo.gl/fbAQLP

exports[`SocialAuth UI render features container should render as expected 1`] = `
<div>
  <LargeLoader />
</div>
`;
