// Jest Snapshot v1, https://goo.gl/fbAQLP

exports[`Notification UI render features component should render as expected 1`] = `
<_default>
  <Provider
    store={
      Object {
        "dispatch": [Function],
        "getState": [Function],
        "replaceReducer": [Function],
        "subscribe": [Function],
        Symbol(observable): [Function],
      }
    }
  >
    <Connect(NotificationSettings)>
      <NotificationSettings
        notification={
          Object {
            "articleError": "",
            "articleLoading": false,
            "articles": Array [],
            "authenticated": "",
            "error": Array [],
            "errorMessage": "",
            "notification": Array [],
            "notifications": Object {},
            "ownProfile": Object {},
            "profile": Object {
              "articles": Array [],
              "favorites": Array [],
              "followers": Array [],
              "following": Array [],
              "loading": true,
              "profile": Object {},
              "profileError": "",
              "profileView": "Following",
              "user": Object {},
            },
            "searchError": Array [],
            "searchResults": Array [],
            "singleArticle": null,
            "successMessage": "",
            "user": Object {},
          }
        }
        updateNotification={[Function]}
      >
        <div
          className="notification-settings-wrapper notification-panel"
        >
          <div
            className="notification-settings-header"
          >
            <h2>
              Notification Settings
            </h2>
          </div>
          <div
            className="notification-settings"
          >
            <div
              className="notification-settings-email"
            >
              <p>
                Email Notification
              </p>
              <label
                className="notification-switch"
              >
                <input
                  checked={false}
                  className="toggle-click"
                  name="email"
                  onChange={[Function]}
                  type="checkbox"
                />
                <span
                  className="slider round"
                />
              </label>
            </div>
            <div
              className="notification-settings-inApp"
            >
              <p>
                In App Notification
              </p>
              <label
                className="notification-switch"
              >
                <input
                  checked={false}
                  className="toggle-clickpu"
                  name="inApp"
                  onChange={[Function]}
                  type="checkbox"
                />
                <span
                  className="slider round"
                />
              </label>
            </div>
          </div>
        </div>
      </NotificationSettings>
    </Connect(NotificationSettings)>
  </Provider>
</_default>
`;
